
==================================================
  AutoDJ Pipeline v1
  Style: AutoDJ Mix
  Mode: a1f_fast
==================================================

🔍 Pre-flight check...
  ⚠ BPM spread 20% (105-129): 35695nYIMbY, 3mN1i0UhsEU, Ohob6YwFUeA...
  🎯 Mix #6

🎛 Running mix...
  Running: .venv/bin/python3 smart_mixer.py --wav-dir /opt/autodj-mixer/shared/tracks --ann-dir /opt/autodj-mixer/shared/ann...
  ✅ Mix done in 1175s
  05:30-06:17  White Horse -> High Rider  [BASS SWAP]  8A→3B [POOR]  micro_shift=0.0ms  entry_rms=0.1769
  20:37-21:24  Memories -> Raver Ever  [BASS SWAP]  9A→9A [SAME]  micro_shift=5.1ms  entry_rms=0.1283
  24:27-25:13  Raver Ever -> Indy  [BASS SWAP]  9A→10A [ADJ]  micro_shift=-1.5ms  entry_rms=0.2240
  28:01-28:47  Indy -> Visions  [BASS SWAP]  10A→4A [POOR]  micro_shift=0.0ms  entry_rms=0.1802
  33:11-33:57  Visions -> Saga Of Subvision  [BASS SWAP]  4A→4A [SAME]  micro_shift=1.5ms  entry_rms=0.1655
  37:26-38:11  Saga Of Subvision -> Liquid Leisure  [BASS SWAP]  4A→5B [POOR]  micro_shift=2.2ms  entry_rms=0.1726

📤 Uploading mix...
  ❌ Upload failed: 

🎬 Creating transitions preview...
  ⚠ Preview failed: Command '['ffmpeg', '-y', '-f', 'concat', '-safe', '0', '-i', '/tmp/concat_pipeline.txt', '-b:a', '192k', 'MIX-6_AutoDJ_Mix_20260618_preview.mp3']' timed out after 60 seconds

==================================================
  ✅ Pipeline complete — Mix #6
     Output: MIX-6_AutoDJ_Mix_20260618.mp3
==================================================
