
============================================================
  Mix Analyzer v3 -- Madmom-based Per-Transition Analysis
============================================================

  Mix: MIX-6_AutoDJ_Mix_20260618.wav
  Duration: 40.4 min | SR=44100
  Transitions: 6
  Annotations: shared/ann

  [1/6] White Horse -> High Rider  @05:30.49
        Master grid:  122.0 BPM  jitter=3.8ms  (32 bars)
        Beat offset:  -38.1ms ⚠
          CF zone:  mean=-38.1ms  std=6.8ms  (96/96 beats)
          Scores:   P=100%  CMLc=100%  Cemgil=0.926
          Post-CF:  mean=-4.5ms  std=19.9ms
        LUFS jump:    +0.1dB ✓  (note: QUIET→ACTIVE up to +6dB expected)
        Phase cancel: 43 dips ⚠

  [2/6] Memories -> Raver Ever  @20:37.22
        Master grid:  123.2 BPM  jitter=5.7ms  (32 bars)
        Beat offset:  -27.3ms ⚠
          CF zone:  mean=-27.3ms  std=15.5ms  (96/96 beats)
          Scores:   P=100%  CMLc=100%  Cemgil=0.950
          Post-CF:  mean=-12.1ms  std=41.7ms
        LUFS jump:    +0.7dB ✓  (note: QUIET→ACTIVE up to +6dB expected)
        Phase cancel: 33 dips ⚠

  [3/6] Raver Ever -> Indy  @24:27.41
        Master grid:  124.0 BPM  jitter=2.8ms  (32 bars)
        Beat offset:  -19.3ms ✓
          CF zone:  mean=-19.3ms  std=2.7ms  (96/96 beats)
          Scores:   P=100%  CMLc=100%  Cemgil=0.980
          Post-CF:  mean=-35.5ms  std=3.1ms
        LUFS jump:    +1.1dB ✓  (note: QUIET→ACTIVE up to +6dB expected)
        Phase cancel: 9 dips ⚠

  [4/6] Indy -> Visions  @28:01.70
        Master grid:  126.1 BPM  jitter=4.4ms  (32 bars)
        Beat offset:  -7.2ms ✓
          CF zone:  mean=-7.2ms  std=55.2ms  (96/96 beats)
          Scores:   P=100%  CMLc=100%  Cemgil=0.844
          Post-CF:  mean=+14.6ms  std=58.3ms
        LUFS jump:    -2.0dB ✓  (note: QUIET→ACTIVE up to +6dB expected)
        Phase cancel: 55 dips ⚠

  [5/6] Visions -> Saga Of Subvision  @33:11.36
        Master grid:  124.0 BPM  jitter=3.5ms  (32 bars)
        Beat offset:  +10.8ms ✓
          CF zone:  mean=+10.8ms  std=38.2ms  (96/96 beats)
          Scores:   P=100%  CMLc=100%  Cemgil=0.935
          Post-CF:  mean=+35.5ms  std=44.2ms
        LUFS jump:    -0.8dB ✓  (note: QUIET→ACTIVE up to +6dB expected)
        Phase cancel: 65 dips ⚠

  [6/6] Saga Of Subvision -> Liquid Leisure  @37:26.75
        Master grid:  129.0 BPM  jitter=3.3ms  (32 bars)
        Beat offset:  +22.5ms ⚠
          CF zone:  mean=+22.5ms  std=49.3ms  (96/96 beats)
          Scores:   P=100%  CMLc=100%  Cemgil=0.863
          Post-CF:  mean=+3.3ms  std=17.6ms
        LUFS jump:    -5.3dB ✓  (note: QUIET→ACTIVE up to +6dB expected)
        Phase cancel: 13 dips ⚠

============================================================
  SUMMARY
============================================================

  Beat alignment (6 transitions):
    Max |offset|: 38.1ms
    Mean offset:  -9.8ms
    Pass (<20ms): 3/6

  Quality scores (mean across transitions):
    P-score:  100%  (beats within 25% tolerance)
    CMLc:     100%  (longest correct segment)
    Cemgil:   0.916  (Gaussian accuracy 0-1)

  LUFS continuity: 6/6 pass (<6dB)
  Phase cancel:    0/6 pass (≤3 dips)

  ⚠ Issues (9):
    [1] White Horse -> High Rider: beat -38.1ms
    [1] White Horse -> High Rider: phase 43 dips
    [2] Memories -> Raver Ever: beat -27.3ms
    [2] Memories -> Raver Ever: phase 33 dips
    [3] Raver Ever -> Indy: phase 9 dips
    [4] Indy -> Visions: phase 55 dips
    [5] Visions -> Saga Of Subvision: phase 65 dips
    [6] Saga Of Subvision -> Liquid Leisure: beat +22.5ms
    [6] Saga Of Subvision -> Liquid Leisure: phase 13 dips

============================================================
  ARTEFACT DETECTION (v2 detectors)
============================================================

/opt/autodj-mixer/mix_analyzer.py:441: FutureWarning: librosa.beat.tempo
	This function was moved to 'librosa.feature.rhythm.tempo' in librosa version 0.10.0.
	This alias will be removed in librosa version 1.0.
  tb = librosa.beat.tempo(onset_envelope=oe, sr=sr, hop_length=256)
  [band_cancellation]  393 events (40 high, 353 mid)
    @ 05:30.49  20-60Hz dip_ratio=0.15 dur=23ms
    @ 05:30.97  20-60Hz dip_ratio=0.38 dur=17ms
    @ 05:31.47  20-60Hz dip_ratio=0.26 dur=23ms
    ... and 390 more
  [onset_stability]  466 events (326 high, 140 mid)
    @ 05:30.49  onset_corr=0.245
    @ 05:33.99  onset_corr=0.206
    @ 05:37.99  onset_corr=0.280
    ... and 463 more
  [rms_dip]  220 events (64 high, 156 mid)
    @ 05:32.29  rms=0.0560 (med=0.1586)
    @ 05:36.29  rms=0.0104 (med=0.1586)
    @ 05:40.19  rms=0.0462 (med=0.1586)
    ... and 217 more
  [spectral_discontinuity]  6 events (3 high, 3 mid)
    @ 05:36.29  flux=51.685x median
    @ 05:48.09  flux=66.828x median
    @ 25:21.81  flux=76.839x median
    ... and 3 more
  [speed_glitch]  1 events (0 high, 1 mid)
    @ 27:59.20  bpm_jump=126.0→100.3
  [transient_spike]  1 events (0 high, 1 mid)
    @ 25:25.71  crest=16.1x median

  FEEDBACK — recommendations:
    🔴 [warp_to_grid] Beat jitter 15.5ms in CF zone — check warp precision
    🔴 [warp_to_grid] Beat jitter 55.2ms in CF zone — check warp precision
    🔴 [warp_to_grid] Beat jitter 38.2ms in CF zone — check warp precision
    🔴 [warp_to_grid] Beat jitter 49.3ms in CF zone — check warp precision
    🔴 [ramp_to_native(ramp_sec)] Ramp too aggressive — increase RAMP_SEC or skip for <1 BPM diff
    🔴 [build_cf_lr4(LR4_polarity)] 220 RMS dip events — phase cancellation in crossfade
    🔴 [build_cf_lr4(phase_coherence)] 393 band cancellation events — sub/mid phase issues

