  ✓ Wade - All for You: 1 кандидатов
  ✓ Wade - Do My Thing: 1 кандидатов
  ✓ ANOTR - Relax My Eyes: 1 кандидатов
  ✓ ANOTR - Talk To You: 1 кандидатов
  ✓ Chris Stussy - Desire: 1 кандидатов
  ✓ Chris Stussy - All Night Long: 1 кандидатов
  ✓ Alan Fitzpatrick - We Do What We Want - Edit: 1 кандидатов
  ✓ Alan Fitzpatrick - Haven't You Heard - Fitzy's Half Charged Mix: 1 кандидатов
  ✓ Adriatique - Home: 1 кандидатов
  ✓ Adriatique - Miracle: 1 кандидатов
  ✓ Jamie Jones - Lose My Mind: 1 кандидатов
  ✓ Jamie Jones - My Paradise: 1 кандидатов
  ✓ Gesaffelstein - Lost in the Fire (feat. The Weeknd): 1 кандидатов
  ✓ Gesaffelstein - Pursuit: 1 кандидатов
  ✓ Franky Rizardo - Out The Fire (At The Hotel) - Radio Edit: 1 кандидатов
  ✓ Franky Rizardo - Shinjuku: 1 кандидатов
  ✓ Steve Aoki - Waste It On Me (feat. BTS): 1 кандидатов
  ✓ Steve Aoki - Just Hold On: 1 кандидатов
  ✓ Laszlo - Fall To Light: 1 кандидатов
  ✓ Laszlo - Supernova: 1 кандидатов
  ✓ Jan Blomqvist - More: 1 кандидатов
  ✓ Jan Blomqvist - The Space in Between - Ben Böhmer Remix: 1 кандидатов
  ✓ Midland - Drinkin' Problem: 1 кандидатов
  ✓ Midland - Burn Out: 1 кандидатов
  ✓ Wax Motif - See In Color: 1 кандидатов
  ✓ Wax Motif - Wet: 1 кандидатов
  ✓ Jaded - Welcome To The People: 1 кандидатов
  ✓ Jaded - In The Morning: 1 кандидатов
  ✓ Merge Of Equals - Gravity: 1 кандидатов
  ✓ Merge Of Equals - Clear Blue Sky: 1 кандидатов
  ✓ Fauna Flash - Tel Aviv: 1 кандидатов
  ✓ Fauna Flash - Alone Again: 1 кандидатов
  ✓ Les Gammas - All Of Me: 1 кандидатов
  ✓ Les Gammas - Outra Vida (DJ Patife remix): 1 кандидатов
  ✓ PAWSA - DIRTY CASH (MONEY TALKS): 1 кандидатов
  ✓ PAWSA - TOO COOL TO BE CARELESS: 1 кандидатов
  ✓ BLOND:ISH - Never Walk Alone: 1 кандидатов
  ✓ BLOND:ISH - Sete: 1 кандидатов
  ✓ Carlita - Forever Baby: 1 кандидатов
  ✓ Carlita - Time: 1 кандидатов
  ✓ Prospa - Free Your Mind: 1 кандидатов
  ✓ Prospa - This Rhythm (feat. RAHH): 1 кандидатов
  ✓ Josh Baker - Back it up: 1 кандидатов
  ✓ Josh Baker - something to me: 1 кандидатов
  ✓ Kettama - YOSEMITE: 1 кандидатов
  ✓ Kettama - It Gets Better - Forever Mix: 1 кандидатов
  ✓ Marsolo - Step By Step: 1 кандидатов
  ✓ Marsolo - Spaceship: 1 кандидатов
  ✓ Robbie Doherty - Pour The Milk: 1 кандидатов
  ✓ Robbie Doherty - Call It What You Like: 1 кандидатов
  ✓ Adam Beyer - Your Mind: 1 кандидатов
  ✓ Adam Beyer - Your Mind - Radio Edit: 1 кандидатов
  ✓ Wehbba - Eclipse: 1 кандидатов
  ✓ Wehbba - Catarse: 1 кандидатов
  ✓ Julian Jeweil - MARS: 1 кандидатов
  ✓ Julian Jeweil - Air conditionné: 1 кандидатов
  ✓ UMEK - Cryptic Speech - Original Mix: 1 кандидатов
  ✓ UMEK - Vibrancy - Original Mix: 1 кандидатов
  ✓ Colyn - Resolve: 1 кандидатов
  ✓ Colyn - Jatayu: 1 кандидатов
  ✓ ARTBAT - Best of Me - Radio Edit: 1 кандидатов
  ✓ ARTBAT - Closer: 1 кандидатов
  ✓ Fideles - Night After Night (Camelphat Remix): 1 кандидатов
  ✓ Fideles - Night After Night - CamelPhat Remix: 1 кандидатов
  ✓ INNELLEA - Downfall: 1 кандидатов
  ✓ INNELLEA - Shelter: 1 кандидатов
  ✓ Nic Fanciulli - SET ME FREE: 1 кандидатов
  ✓ Nic Fanciulli - Vente: 1 кандидатов
  ✓ Justice - Genesis: 1 кандидатов
  ✓ Justice - D.A.N.C.E.: 1 кандидатов
  ✓ Sebastian - Embody: 1 кандидатов
  ✓ Sebastian - Ross Ross Ross: 1 кандидатов
  ✓ Boys Noize - & Down: 1 кандидатов
  ✓ Boys Noize - Lava Lava: 1 кандидатов
  ✓ Mr. Oizo - Flat Beat: 1 кандидатов
  ✓ Mr. Oizo - Positif: 1 кандидатов
  ✓ Junior Jack - Stupidisco: 1 кандидатов
  ✓ Junior Jack - E Samba: 1 кандидатов
  ✓ R3hab - All Around The World (La La La): 1 кандидатов
  ✓ R3hab - Rock My Body: 1 кандидатов
  ✓ Hardwell - Spaceman: 1 кандидатов
  ✓ Hardwell - Call Me A Spaceman - Radio Edit: 1 кандидатов
  ✓ Nicky Romero - Toulouse: 1 кандидатов
  ✓ Nicky Romero - Toulouse - Original Mix: 1 кандидатов
  ✓ Afrojack - Ten Feet Tall: 1 кандидатов
  ✓ Afrojack - The Spark: 1 кандидатов
  ✓ Hellberg - The Girl: 1 кандидатов
  ✓ Hellberg - The Girl (feat. Cozi Zuehlsdorff): 1 кандидатов
  ✓ Bad Computer - Chasing Clouds: 1 кандидатов
  ✓ Bad Computer - Riddle: 1 кандидатов
  ✓ Case & Point - Error Code: 1 кандидатов
  ✓ Case & Point - Savage: 1 кандидатов
  ✓ Astronaut - No Place for Lovers: 1 кандидатов
  ✓ Astronaut - Apollo - Electro Mix: 1 кандидатов
  ✓ Nils Hoffmann - Second Sun: 1 кандидатов
  ✓ Nils Hoffmann - Balloons - Radio Edit: 1 кандидатов
  ✓ Christian Löffler - Alpine Sketch: 1 кандидатов
  ✓ Christian Löffler - Pastoral: 1 кандидатов
  ✓ Klangkarussell - Sonnentanz - Sun Don't Shine: 1 кандидатов
  ✓ Klangkarussell - Sonnentanz: 1 кандидатов
  ✓ NTO - La clé des champs: 1 кандидатов
  ✓ NTO - Invisible - Piano Version: 1 кандидатов
  ✓ Leon Vynehall - Movements (Chapter III): 1 кандидатов
  ✓ Leon Vynehall - It Breaks (Chapter IX): 1 кандидатов
  ✓ Jack J - Falling Down A Well: 1 кандидатов
  ✓ Jack J - Foolish Man: 1 кандидатов
  ✓ Octo Octa - Loops for Healing: 1 кандидатов
  ✓ Octo Octa - Who I Will Become: 1 кандидатов
  ✓ Anthony Naples - Drifter: 1 кандидатов
  ✓ Anthony Naples - Love Loop To Fade: 1 кандидатов
  ✓ Cid - Sweet Memories: 1 кандидатов
  ✓ Cid - Let Me Take You: 1 кандидатов
  ✓ Chris Lake - Beggin': 1 кандидатов
  ✓ Chris Lake - Turn Off The Lights: 1 кандидатов
  ✓ San Pacho - Amor: 1 кандидатов
  ✓ San Pacho - Trompeta: 1 кандидатов
  ✓ Deeper Purpose - Elevate: 1 кандидатов
  ✓ Deeper Purpose - Party Diva: 1 кандидатов
Посев: 118 кандидатов → euro_tour_cand.json. Дальше: скачать (yt_download) и посчитать Camelot (local_enrich).

--- stderr ---
