
[1/115] https://www.youtube.com/watch?v=hQCbGKtdrWM
  [hQCbGKtdrWM] Downloading...
  ✅ hQCbGKtdrWM.mp3 (5.2 MB)
  WAV: hQCbGKtdrWM.wav
  Detecting beats... 72 downbeats

[2/115] https://www.youtube.com/watch?v=oC5eVCLM5J8
  [oC5eVCLM5J8] Downloading...
  ✅ oC5eVCLM5J8.mp3 (6.2 MB)
  WAV: oC5eVCLM5J8.wav
  Detecting beats... 96 downbeats

[3/115] https://www.youtube.com/watch?v=-SLc9v10wV4
  [-SLc9v10wV4] Downloading...
  ✅ -SLc9v10wV4.mp3 (7.1 MB)
  WAV: -SLc9v10wV4.wav
  Detecting beats... 129 downbeats

[4/115] https://www.youtube.com/watch?v=ajUMhpotf8k
  [ajUMhpotf8k] Downloading...
  ✅ ajUMhpotf8k.mp3 (6.1 MB)
  WAV: ajUMhpotf8k.wav
  Detecting beats... 105 downbeats

[5/115] https://www.youtube.com/watch?v=nfpmMNU-CpY
  [nfpmMNU-CpY] Downloading...
  ✅ nfpmMNU-CpY.mp3 (12.0 MB)
  WAV: nfpmMNU-CpY.wav
  Detecting beats... 209 downbeats

[6/115] https://www.youtube.com/watch?v=W48lREzsXaI
  [W48lREzsXaI] Downloading...
  ✅ W48lREzsXaI.mp3 (13.3 MB)
  WAV: W48lREzsXaI.wav
  Detecting beats... 233 downbeats

[7/115] https://www.youtube.com/watch?v=7A56EKMhqQc
  [7A56EKMhqQc] Downloading...
  ✅ 7A56EKMhqQc.mp3 (6.1 MB)
  WAV: 7A56EKMhqQc.wav
  Detecting beats... 90 downbeats

[8/115] https://www.youtube.com/watch?v=wNXrjMSfpEI
  [wNXrjMSfpEI] Downloading...
  ✅ wNXrjMSfpEI.mp3 (5.0 MB)
  WAV: wNXrjMSfpEI.wav
  Detecting beats... 86 downbeats

[9/115] https://www.youtube.com/watch?v=dB_pB2v1FZQ
  [dB_pB2v1FZQ] Downloading...
  ✅ dB_pB2v1FZQ.mp3 (11.0 MB)
  WAV: dB_pB2v1FZQ.wav
  Detecting beats... 155 downbeats

[10/115] https://www.youtube.com/watch?v=4oYrQt_zRFg
  [4oYrQt_zRFg] Downloading...
  ✅ 4oYrQt_zRFg.mp3 (10.1 MB)
  WAV: 4oYrQt_zRFg.wav
  Detecting beats... 138 downbeats

[11/115] https://www.youtube.com/watch?v=ZhSXf804NAM
  [ZhSXf804NAM] Downloading...
  ✅ ZhSXf804NAM.mp3 (5.9 MB)
  WAV: ZhSXf804NAM.wav
  Detecting beats... 94 downbeats

[12/115] https://www.youtube.com/watch?v=t4lGt5EWUcE
  [t4lGt5EWUcE] Downloading...
  ✅ t4lGt5EWUcE.mp3 (16.0 MB)
  WAV: t4lGt5EWUcE.wav
  Detecting beats... 257 downbeats

[13/115] https://www.youtube.com/watch?v=ZGDGdRIxvd0
  [ZGDGdRIxvd0] Downloading...
  ✅ ZGDGdRIxvd0.mp3 (6.4 MB)
  WAV: ZGDGdRIxvd0.wav
  Detecting beats... 79 downbeats

[14/115] https://www.youtube.com/watch?v=jGzoD0TgAk8
  [jGzoD0TgAk8] Downloading...
  ✅ jGzoD0TgAk8.mp3 (6.6 MB)
  WAV: jGzoD0TgAk8.wav
  Detecting beats... 115 downbeats

[15/115] https://www.youtube.com/watch?v=WP1a5pBLctc
  [WP1a5pBLctc] Downloading...
  ✅ WP1a5pBLctc.mp3 (5.8 MB)
  WAV: WP1a5pBLctc.wav
  Detecting beats... 90 downbeats

[16/115] https://www.youtube.com/watch?v=bIv16itYi_0
  [bIv16itYi_0] Downloading...
  ✅ bIv16itYi_0.mp3 (6.0 MB)
  WAV: bIv16itYi_0.wav
  Detecting beats... 76 downbeats

[17/115] https://www.youtube.com/watch?v=Vt4Tq89R8u0
  [Vt4Tq89R8u0] Downloading...
  ✅ Vt4Tq89R8u0.mp3 (6.8 MB)
  WAV: Vt4Tq89R8u0.wav
  Detecting beats... 99 downbeats

[18/115] https://www.youtube.com/watch?v=Lq2UrnDsI_s
  [Lq2UrnDsI_s] Downloading...
  ✅ Lq2UrnDsI_s.mp3 (5.7 MB)
  WAV: Lq2UrnDsI_s.wav
  Detecting beats... 129 downbeats

[19/115] https://www.youtube.com/watch?v=PKfxmFU3lWY
  [PKfxmFU3lWY] Downloading...
  ✅ PKfxmFU3lWY.mp3 (10.4 MB)
  WAV: PKfxmFU3lWY.wav
  Detecting beats... 172 downbeats

[20/115] https://www.youtube.com/watch?v=e_g8Y7YE-8I
  [e_g8Y7YE-8I] Downloading...
  ❌ yt-dlp failed:
WARNING: Your yt-dlp version (2026.03.17) is older than 90 days!
         It is strongly recommended to always use the latest version.
         You installed yt-dlp with pip or using the wheel from PyPi; Use that to update.
         To suppress this warning, add --no-update to your command/config.
WARNING: [youtube] No supported JavaScript runtime could be found. Only deno is enabled by default; to use another runtime add  --js-runtimes RUNTIME[:PATH]  to your command/config. YouTube extraction without a JS runtime has been deprecated, and some formats may be missing. See  https://github.com/yt-dlp/yt-dlp/wiki/EJS  for details on installing one
ERROR: unable to download video data: HTTP Error 403: Forbidden

[21/115] https://www.youtube.com/watch?v=ums8n8tTL6M
  [ums8n8tTL6M] Downloading...
  ✅ ums8n8tTL6M.mp3 (16.1 MB)
  WAV: ums8n8tTL6M.wav
  Detecting beats... 240 downbeats

[22/115] https://www.youtube.com/watch?v=g7f6HiQ2LuU
  [g7f6HiQ2LuU] Downloading...
  ✅ g7f6HiQ2LuU.mp3 (7.9 MB)
  WAV: g7f6HiQ2LuU.wav
  Detecting beats... 107 downbeats

[23/115] https://www.youtube.com/watch?v=YBCrkFB8nvc
  [YBCrkFB8nvc] Downloading...
  ✅ YBCrkFB8nvc.mp3 (6.9 MB)
  WAV: YBCrkFB8nvc.wav
  Detecting beats... 82 downbeats

[24/115] https://www.youtube.com/watch?v=hc3APZiH1Qs
  [hc3APZiH1Qs] Downloading...
  ✅ hc3APZiH1Qs.mp3 (5.2 MB)
  WAV: hc3APZiH1Qs.wav
  Detecting beats... 81 downbeats

[25/115] https://www.youtube.com/watch?v=2fvGUUYPexg
  [2fvGUUYPexg] Downloading...
  ❌ yt-dlp failed:
WARNING: Your yt-dlp version (2026.03.17) is older than 90 days!
         It is strongly recommended to always use the latest version.
         You installed yt-dlp with pip or using the wheel from PyPi; Use that to update.
         To suppress this warning, add --no-update to your command/config.
WARNING: [youtube] No supported JavaScript runtime could be found. Only deno is enabled by default; to use another runtime add  --js-runtimes RUNTIME[:PATH]  to your command/config. YouTube extraction without a JS runtime has been deprecated, and some formats may be missing. See  https://github.com/yt-dlp/yt-dlp/wiki/EJS  for details on installing one
ERROR: unable to download video data: HTTP Error 403: Forbidden

[26/115] https://www.youtube.com/watch?v=CHywwJ5PJQo
  [CHywwJ5PJQo] Downloading...
  ✅ CHywwJ5PJQo.mp3 (10.9 MB)
  WAV: CHywwJ5PJQo.wav
  Detecting beats... 168 downbeats

[27/115] https://www.youtube.com/watch?v=Inr2sGGxIcI
  [Inr2sGGxIcI] Downloading...
  ✅ Inr2sGGxIcI.mp3 (6.0 MB)
  WAV: Inr2sGGxIcI.wav
  Detecting beats... 102 downbeats

[28/115] https://www.youtube.com/watch?v=8hZF6g8ZMT0
  [8hZF6g8ZMT0] Downloading...
  ✅ 8hZF6g8ZMT0.mp3 (11.5 MB)
  WAV: 8hZF6g8ZMT0.wav
  Detecting beats... 148 downbeats

[29/115] https://www.youtube.com/watch?v=l9r7YB2hSdU
  [l9r7YB2hSdU] Downloading...
  ✅ l9r7YB2hSdU.mp3 (9.9 MB)
  WAV: l9r7YB2hSdU.wav
  Detecting beats... 105 downbeats

[30/115] https://www.youtube.com/watch?v=nAqNGYHYxqQ
  [nAqNGYHYxqQ] Downloading...
  ✅ nAqNGYHYxqQ.mp3 (9.4 MB)
  WAV: nAqNGYHYxqQ.wav
  Detecting beats... 174 downbeats

[31/115] https://www.youtube.com/watch?v=FsdxwyG90Ec
  [FsdxwyG90Ec] Downloading...
  ❌ yt-dlp failed:
WARNING: Your yt-dlp version (2026.03.17) is older than 90 days!
         It is strongly recommended to always use the latest version.
         You installed yt-dlp with pip or using the wheel from PyPi; Use that to update.
         To suppress this warning, add --no-update to your command/config.
WARNING: [youtube] No supported JavaScript runtime could be found. Only deno is enabled by default; to use another runtime add  --js-runtimes RUNTIME[:PATH]  to your command/config. YouTube extraction without a JS runtime has been deprecated, and some formats may be missing. See  https://github.com/yt-dlp/yt-dlp/wiki/EJS  for details on installing one
ERROR: unable to download video data: HTTP Error 403: Forbidden

[32/115] https://www.youtube.com/watch?v=AHz4urTo10Y
  [AHz4urTo10Y] Downloading...
  ❌ yt-dlp failed:
WARNING: Your yt-dlp version (2026.03.17) is older than 90 days!
         It is strongly recommended to always use the latest version.
         You installed yt-dlp with pip or using the wheel from PyPi; Use that to update.
         To suppress this warning, add --no-update to your command/config.
WARNING: [youtube] No supported JavaScript runtime could be found. Only deno is enabled by default; to use another runtime add  --js-runtimes RUNTIME[:PATH]  to your command/config. YouTube extraction without a JS runtime has been deprecated, and some formats may be missing. See  https://github.com/yt-dlp/yt-dlp/wiki/EJS  for details on installing one
ERROR: unable to download video data: HTTP Error 403: Forbidden

[33/115] https://www.youtube.com/watch?v=NpS20raaEng
  [NpS20raaEng] Downloading...
  ✅ NpS20raaEng.mp3 (12.9 MB)
  WAV: NpS20raaEng.wav
  Detecting beats... 324 downbeats

[34/115] https://www.youtube.com/watch?v=vP-Z0VEC0RA
  [vP-Z0VEC0RA] Downloading...
  ✅ vP-Z0VEC0RA.mp3 (6.7 MB)
  WAV: vP-Z0VEC0RA.wav
  Detecting beats... 119 downbeats

[35/115] https://www.youtube.com/watch?v=LhxjP0hsQE8
  [LhxjP0hsQE8] Downloading...
  ✅ LhxjP0hsQE8.mp3 (6.8 MB)
  WAV: LhxjP0hsQE8.wav
  Detecting beats... 117 downbeats

[36/115] https://www.youtube.com/watch?v=3dBFTf8jWYg
  [3dBFTf8jWYg] Downloading...
  ✅ 3dBFTf8jWYg.mp3 (6.1 MB)
  WAV: 3dBFTf8jWYg.wav
  Detecting beats... 100 downbeats

[37/115] https://www.youtube.com/watch?v=I5IN5xDRoaU
  [I5IN5xDRoaU] Downloading...
  ✅ I5IN5xDRoaU.mp3 (7.3 MB)
  WAV: I5IN5xDRoaU.wav
  Detecting beats... 109 downbeats

[38/115] https://www.youtube.com/watch?v=aRItInRtwTo
  [aRItInRtwTo] Downloading...
  ✅ aRItInRtwTo.mp3 (6.5 MB)
  WAV: aRItInRtwTo.wav
  Detecting beats... 104 downbeats

[39/115] https://www.youtube.com/watch?v=Z3SbYucm-yY
  [Z3SbYucm-yY] Downloading...
  ✅ Z3SbYucm-yY.mp3 (8.3 MB)
  WAV: Z3SbYucm-yY.wav
  Detecting beats... 128 downbeats

[40/115] https://www.youtube.com/watch?v=gJYjbDnyx-o
  [gJYjbDnyx-o] Downloading...
  ✅ gJYjbDnyx-o.mp3 (6.6 MB)
  WAV: gJYjbDnyx-o.wav
  Detecting beats... 107 downbeats

[41/115] https://www.youtube.com/watch?v=6ayiOciWuto
  [6ayiOciWuto] Downloading...
  ✅ 6ayiOciWuto.mp3 (6.0 MB)
  WAV: 6ayiOciWuto.wav
  Detecting beats... 100 downbeats

[42/115] https://www.youtube.com/watch?v=rt2yPTBsIGk
  [rt2yPTBsIGk] Downloading...
  ✅ rt2yPTBsIGk.mp3 (7.8 MB)
  WAV: rt2yPTBsIGk.wav
  Detecting beats... 129 downbeats

[43/115] https://www.youtube.com/watch?v=l-LNKsQnq_4
  [l-LNKsQnq_4] Downloading...
  ✅ l-LNKsQnq_4.mp3 (12.0 MB)
  WAV: l-LNKsQnq_4.wav
  Detecting beats... 197 downbeats

[44/115] https://www.youtube.com/watch?v=mqC_MXE83ck
  [mqC_MXE83ck] Downloading...
  ✅ mqC_MXE83ck.mp3 (9.7 MB)
  WAV: mqC_MXE83ck.wav
  Detecting beats... 164 downbeats

[45/115] https://www.youtube.com/watch?v=4wUv--haykg
  [4wUv--haykg] Downloading...
  ✅ 4wUv--haykg.mp3 (8.1 MB)
  WAV: 4wUv--haykg.wav
  Detecting beats... 145 downbeats

[46/115] https://www.youtube.com/watch?v=ZBFykux1JU4
  [ZBFykux1JU4] Downloading...
  ✅ ZBFykux1JU4.mp3 (11.4 MB)
  WAV: ZBFykux1JU4.wav
  Detecting beats... 193 downbeats

[47/115] https://www.youtube.com/watch?v=sRwByO9UPHo
  [sRwByO9UPHo] Downloading...
  ✅ sRwByO9UPHo.mp3 (5.7 MB)
  WAV: sRwByO9UPHo.wav
  Detecting beats... 96 downbeats

[48/115] https://www.youtube.com/watch?v=A7sc-WZ0gpo
  [A7sc-WZ0gpo] Downloading...
  ✅ A7sc-WZ0gpo.mp3 (11.0 MB)
  WAV: A7sc-WZ0gpo.wav
  Detecting beats... 177 downbeats

[49/115] https://www.youtube.com/watch?v=Qj90Zm0XDMc
  [Qj90Zm0XDMc] Downloading...
  ✅ Qj90Zm0XDMc.mp3 (10.8 MB)
  WAV: Qj90Zm0XDMc.wav
  Detecting beats... 181 downbeats

[50/115] https://www.youtube.com/watch?v=UUdTzrFhHPw
  [UUdTzrFhHPw] Downloading...
  ✅ UUdTzrFhHPw.mp3 (17.1 MB)
  WAV: UUdTzrFhHPw.wav
  Detecting beats... 264 downbeats

[51/115] https://www.youtube.com/watch?v=Kh33fZ7S9lw
  [Kh33fZ7S9lw] Downloading...
  ✅ Kh33fZ7S9lw.mp3 (9.6 MB)
  WAV: Kh33fZ7S9lw.wav
  Detecting beats... 148 downbeats

[52/115] https://www.youtube.com/watch?v=aWA14aoWQA0
  [aWA14aoWQA0] Downloading...
  ✅ aWA14aoWQA0.mp3 (14.4 MB)
  WAV: aWA14aoWQA0.wav
  Detecting beats... 225 downbeats

[53/115] https://www.youtube.com/watch?v=1_wch3D4xQo
  [1_wch3D4xQo] Downloading...
  ✅ 1_wch3D4xQo.mp3 (12.8 MB)
  WAV: 1_wch3D4xQo.wav
  Detecting beats... 191 downbeats

[54/115] https://www.youtube.com/watch?v=dXukfu38cCU
  [dXukfu38cCU] Downloading...
  ✅ dXukfu38cCU.mp3 (11.9 MB)
  WAV: dXukfu38cCU.wav
  Detecting beats... 185 downbeats

[55/115] https://www.youtube.com/watch?v=Xt--khRMdJs
  [Xt--khRMdJs] Downloading...
  ✅ Xt--khRMdJs.mp3 (12.0 MB)
  WAV: Xt--khRMdJs.wav
  Detecting beats... 250 downbeats

[56/115] https://www.youtube.com/watch?v=Gob6IqN1SjM
  [Gob6IqN1SjM] Downloading...
  ✅ Gob6IqN1SjM.mp3 (13.0 MB)
  WAV: Gob6IqN1SjM.wav
  Detecting beats... 209 downbeats

[57/115] https://www.youtube.com/watch?v=P4vmlvvZK2o
  [P4vmlvvZK2o] Downloading...
  ✅ P4vmlvvZK2o.mp3 (14.7 MB)
  WAV: P4vmlvvZK2o.wav
  Detecting beats... 225 downbeats

[58/115] https://www.youtube.com/watch?v=qBFxhkfFF3I
  [qBFxhkfFF3I] Downloading...
  ✅ qBFxhkfFF3I.mp3 (208.1 MB)
  WAV: qBFxhkfFF3I.wav
  Detecting beats... 
--- stderr ---
